Archive member included to satisfy reference by file (symbol)

c:/program files (x86)/atmel/studio/7.0/toolchain/avr8/avr8-gnu-toolchain/bin/../lib/gcc/avr/4.9.2/avr5\libgcc.a(_udivmodsi4.o)
                              inc/uart1.o (__udivmodsi4)
c:/program files (x86)/atmel/studio/7.0/toolchain/avr8/avr8-gnu-toolchain/bin/../lib/gcc/avr/4.9.2/avr5\libgcc.a(_exit.o)
                              C:/Program Files (x86)/Atmel/Studio/7.0/Packs/atmel/ATmega_DFP/1.1.130/gcc/dev/atmega644pa/avr5/crtatmega644pa.o (exit)
c:/program files (x86)/atmel/studio/7.0/toolchain/avr8/avr8-gnu-toolchain/bin/../lib/gcc/avr/4.9.2/avr5\libgcc.a(_clear_bss.o)
                              inc/timer.o (__do_clear_bss)

Allocating common symbols
Common symbol       size              file

uart1_buf_tx        0x12              inc/uart1.o
uart0_buf_tx        0x12              inc/uart0.o
tmpUart0            0x3               inc/uart0.o
TR_Buf_Out          0x9               inc/trinamic.o
uart0_buf_rx        0x12              inc/trinamic.o
tmpUart1            0x3               inc/uart1.o
TR_Buf_In           0x9               inc/uart1.o
uart1_buf_rx        0x12              inc/uart1.o

Discarded input sections

 .data          0x00000000        0x0 C:/Program Files (x86)/Atmel/Studio/7.0/Packs/atmel/ATmega_DFP/1.1.130/gcc/dev/atmega644pa/avr5/crtatmega644pa.o
 .bss           0x00000000        0x0 C:/Program Files (x86)/Atmel/Studio/7.0/Packs/atmel/ATmega_DFP/1.1.130/gcc/dev/atmega644pa/avr5/crtatmega644pa.o
 .text          0x00000000        0x0 inc/board.o
 .data          0x00000000        0x0 inc/board.o
 .bss           0x00000000        0x0 inc/board.o
 .text.Init_Board
                0x00000000       0x1a inc/board.o
 .debug_info    0x00000000       0x91 inc/board.o
 .debug_abbrev  0x00000000       0x51 inc/board.o
 .debug_aranges
                0x00000000       0x20 inc/board.o
 .debug_ranges  0x00000000       0x10 inc/board.o
 .debug_line    0x00000000       0xe6 inc/board.o
 .debug_str     0x00000000      0x18c inc/board.o
 .comment       0x00000000       0x31 inc/board.o
 .debug_frame   0x00000000       0x24 inc/board.o
 .text          0x00000000        0x0 inc/timer.o
 .data          0x00000000        0x0 inc/timer.o
 .bss           0x00000000        0x0 inc/timer.o
 .text          0x00000000        0x0 inc/uart1.o
 .data          0x00000000        0x0 inc/uart1.o
 .bss           0x00000000        0x0 inc/uart1.o
 .text.uart1_ptr_ask
                0x00000000        0x6 inc/uart1.o
 .text.uart1_transmit_char
                0x00000000       0x10 inc/uart1.o
 .bss.uart1_tx_ptr
                0x00000000        0x1 inc/uart1.o
 .text          0x00000000        0x0 inc/trinamic.o
 .data          0x00000000        0x0 inc/trinamic.o
 .bss           0x00000000        0x0 inc/trinamic.o
 .text          0x00000000        0x0 inc/uart0.o
 .data          0x00000000        0x0 inc/uart0.o
 .bss           0x00000000        0x0 inc/uart0.o
 .text.uart0_ptr_ask
                0x00000000        0x6 inc/uart0.o
 .text.uart0_transmit_char
                0x00000000       0x10 inc/uart0.o
 .bss.uart0_tx_ptr
                0x00000000        0x1 inc/uart0.o
 .text          0x00000000        0x0 main.o
 .data          0x00000000        0x0 main.o
 .bss           0x00000000        0x0 main.o
 .text          0x00000000        0x0 c:/program files (x86)/atmel/studio/7.0/toolchain/avr8/avr8-gnu-toolchain/bin/../lib/gcc/avr/4.9.2/avr5\libgcc.a(_udivmodsi4.o)
 .data          0x00000000        0x0 c:/program files (x86)/atmel/studio/7.0/toolchain/avr8/avr8-gnu-toolchain/bin/../lib/gcc/avr/4.9.2/avr5\libgcc.a(_udivmodsi4.o)
 .bss           0x00000000        0x0 c:/program files (x86)/atmel/studio/7.0/toolchain/avr8/avr8-gnu-toolchain/bin/../lib/gcc/avr/4.9.2/avr5\libgcc.a(_udivmodsi4.o)
 .text.libgcc.mul
                0x00000000        0x0 c:/program files (x86)/atmel/studio/7.0/toolchain/avr8/avr8-gnu-toolchain/bin/../lib/gcc/avr/4.9.2/avr5\libgcc.a(_udivmodsi4.o)
 .text.libgcc   0x00000000        0x0 c:/program files (x86)/atmel/studio/7.0/toolchain/avr8/avr8-gnu-toolchain/bin/../lib/gcc/avr/4.9.2/avr5\libgcc.a(_udivmodsi4.o)
 .text.libgcc.prologue
                0x00000000        0x0 c:/program files (x86)/atmel/studio/7.0/toolchain/avr8/avr8-gnu-toolchain/bin/../lib/gcc/avr/4.9.2/avr5\libgcc.a(_udivmodsi4.o)
 .text.libgcc.builtins
                0x00000000        0x0 c:/program files (x86)/atmel/studio/7.0/toolchain/avr8/avr8-gnu-toolchain/bin/../lib/gcc/avr/4.9.2/avr5\libgcc.a(_udivmodsi4.o)
 .text.libgcc.fmul
                0x00000000        0x0 c:/program files (x86)/atmel/studio/7.0/toolchain/avr8/avr8-gnu-toolchain/bin/../lib/gcc/avr/4.9.2/avr5\libgcc.a(_udivmodsi4.o)
 .text.libgcc.fixed
                0x00000000        0x0 c:/program files (x86)/atmel/studio/7.0/toolchain/avr8/avr8-gnu-toolchain/bin/../lib/gcc/avr/4.9.2/avr5\libgcc.a(_udivmodsi4.o)
 .text          0x00000000        0x0 c:/program files (x86)/atmel/studio/7.0/toolchain/avr8/avr8-gnu-toolchain/bin/../lib/gcc/avr/4.9.2/avr5\libgcc.a(_exit.o)
 .data          0x00000000        0x0 c:/program files (x86)/atmel/studio/7.0/toolchain/avr8/avr8-gnu-toolchain/bin/../lib/gcc/avr/4.9.2/avr5\libgcc.a(_exit.o)
 .bss           0x00000000        0x0 c:/program files (x86)/atmel/studio/7.0/toolchain/avr8/avr8-gnu-toolchain/bin/../lib/gcc/avr/4.9.2/avr5\libgcc.a(_exit.o)
 .text.libgcc.mul
                0x00000000        0x0 c:/program files (x86)/atmel/studio/7.0/toolchain/avr8/avr8-gnu-toolchain/bin/../lib/gcc/avr/4.9.2/avr5\libgcc.a(_exit.o)
 .text.libgcc.div
                0x00000000        0x0 c:/program files (x86)/atmel/studio/7.0/toolchain/avr8/avr8-gnu-toolchain/bin/../lib/gcc/avr/4.9.2/avr5\libgcc.a(_exit.o)
 .text.libgcc   0x00000000        0x0 c:/program files (x86)/atmel/studio/7.0/toolchain/avr8/avr8-gnu-toolchain/bin/../lib/gcc/avr/4.9.2/avr5\libgcc.a(_exit.o)
 .text.libgcc.prologue
                0x00000000        0x0 c:/program files (x86)/atmel/studio/7.0/toolchain/avr8/avr8-gnu-toolchain/bin/../lib/gcc/avr/4.9.2/avr5\libgcc.a(_exit.o)
 .text.libgcc.builtins
                0x00000000        0x0 c:/program files (x86)/atmel/studio/7.0/toolchain/avr8/avr8-gnu-toolchain/bin/../lib/gcc/avr/4.9.2/avr5\libgcc.a(_exit.o)
 .text.libgcc.fmul
                0x00000000        0x0 c:/program files (x86)/atmel/studio/7.0/toolchain/avr8/avr8-gnu-toolchain/bin/../lib/gcc/avr/4.9.2/avr5\libgcc.a(_exit.o)
 .text.libgcc.fixed
                0x00000000        0x0 c:/program files (x86)/atmel/studio/7.0/toolchain/avr8/avr8-gnu-toolchain/bin/../lib/gcc/avr/4.9.2/avr5\libgcc.a(_exit.o)
 .text          0x00000000        0x0 c:/program files (x86)/atmel/studio/7.0/toolchain/avr8/avr8-gnu-toolchain/bin/../lib/gcc/avr/4.9.2/avr5\libgcc.a(_clear_bss.o)
 .data          0x00000000        0x0 c:/program files (x86)/atmel/studio/7.0/toolchain/avr8/avr8-gnu-toolchain/bin/../lib/gcc/avr/4.9.2/avr5\libgcc.a(_clear_bss.o)
 .bss           0x00000000        0x0 c:/program files (x86)/atmel/studio/7.0/toolchain/avr8/avr8-gnu-toolchain/bin/../lib/gcc/avr/4.9.2/avr5\libgcc.a(_clear_bss.o)
 .text.libgcc.mul
                0x00000000        0x0 c:/program files (x86)/atmel/studio/7.0/toolchain/avr8/avr8-gnu-toolchain/bin/../lib/gcc/avr/4.9.2/avr5\libgcc.a(_clear_bss.o)
 .text.libgcc.div
                0x00000000        0x0 c:/program files (x86)/atmel/studio/7.0/toolchain/avr8/avr8-gnu-toolchain/bin/../lib/gcc/avr/4.9.2/avr5\libgcc.a(_clear_bss.o)
 .text.libgcc   0x00000000        0x0 c:/program files (x86)/atmel/studio/7.0/toolchain/avr8/avr8-gnu-toolchain/bin/../lib/gcc/avr/4.9.2/avr5\libgcc.a(_clear_bss.o)
 .text.libgcc.prologue
                0x00000000        0x0 c:/program files (x86)/atmel/studio/7.0/toolchain/avr8/avr8-gnu-toolchain/bin/../lib/gcc/avr/4.9.2/avr5\libgcc.a(_clear_bss.o)
 .text.libgcc.builtins
                0x00000000        0x0 c:/program files (x86)/atmel/studio/7.0/toolchain/avr8/avr8-gnu-toolchain/bin/../lib/gcc/avr/4.9.2/avr5\libgcc.a(_clear_bss.o)
 .text.libgcc.fmul
                0x00000000        0x0 c:/program files (x86)/atmel/studio/7.0/toolchain/avr8/avr8-gnu-toolchain/bin/../lib/gcc/avr/4.9.2/avr5\libgcc.a(_clear_bss.o)
 .text.libgcc.fixed
                0x00000000        0x0 c:/program files (x86)/atmel/studio/7.0/toolchain/avr8/avr8-gnu-toolchain/bin/../lib/gcc/avr/4.9.2/avr5\libgcc.a(_clear_bss.o)

Memory Configuration

Name             Origin             Length             Attributes
text             0x00000000         0x00020000         xr
data             0x00800060         0x0000ffa0         rw !x
eeprom           0x00810000         0x00010000         rw !x
fuse             0x00820000         0x00000003         rw !x
lock             0x00830000         0x00000400         rw !x
signature        0x00840000         0x00000400         rw !x
user_signatures  0x00850000         0x00000400         rw !x
*default*        0x00000000         0xffffffff

Linker script and memory map

Address of section .data set to 0x800100
LOAD C:/Program Files (x86)/Atmel/Studio/7.0/Packs/atmel/ATmega_DFP/1.1.130/gcc/dev/atmega644pa/avr5/crtatmega644pa.o
LOAD inc/board.o
LOAD inc/timer.o
LOAD inc/uart1.o
LOAD inc/trinamic.o
LOAD inc/uart0.o
LOAD main.o
START GROUP
LOAD c:/program files (x86)/atmel/studio/7.0/toolchain/avr8/avr8-gnu-toolchain/bin/../lib/gcc/avr/4.9.2/../../../../avr/lib/avr5\libm.a
END GROUP
START GROUP
LOAD c:/program files (x86)/atmel/studio/7.0/toolchain/avr8/avr8-gnu-toolchain/bin/../lib/gcc/avr/4.9.2/avr5\libgcc.a
LOAD c:/program files (x86)/atmel/studio/7.0/toolchain/avr8/avr8-gnu-toolchain/bin/../lib/gcc/avr/4.9.2/../../../../avr/lib/avr5\libm.a
LOAD c:/program files (x86)/atmel/studio/7.0/toolchain/avr8/avr8-gnu-toolchain/bin/../lib/gcc/avr/4.9.2/../../../../avr/lib/avr5\libc.a
LOAD C:/Program Files (x86)/Atmel/Studio/7.0/Packs/atmel/ATmega_DFP/1.1.130/gcc/dev/atmega644pa/avr5\libatmega644pa.a
END GROUP
                0x00020000                __TEXT_REGION_LENGTH__ = DEFINED (__TEXT_REGION_LENGTH__)?__TEXT_REGION_LENGTH__:0x20000
                0x0000ffa0                __DATA_REGION_LENGTH__ = DEFINED (__DATA_REGION_LENGTH__)?__DATA_REGION_LENGTH__:0xffa0
                0x00010000                __EEPROM_REGION_LENGTH__ = DEFINED (__EEPROM_REGION_LENGTH__)?__EEPROM_REGION_LENGTH__:0x10000
                [0x00000003]                __FUSE_REGION_LENGTH__ = DEFINED (__FUSE_REGION_LENGTH__)?__FUSE_REGION_LENGTH__:0x400
                0x00000400                __LOCK_REGION_LENGTH__ = DEFINED (__LOCK_REGION_LENGTH__)?__LOCK_REGION_LENGTH__:0x400
                0x00000400                __SIGNATURE_REGION_LENGTH__ = DEFINED (__SIGNATURE_REGION_LENGTH__)?__SIGNATURE_REGION_LENGTH__:0x400
                0x00000400                __USER_SIGNATURE_REGION_LENGTH__ = DEFINED (__USER_SIGNATURE_REGION_LENGTH__)?__USER_SIGNATURE_REGION_LENGTH__:0x400

.hash
 *(.hash)

.dynsym
 *(.dynsym)

.dynstr
 *(.dynstr)

.gnu.version
 *(.gnu.version)

.gnu.version_d
 *(.gnu.version_d)

.gnu.version_r
 *(.gnu.version_r)

.rel.init
 *(.rel.init)

.rela.init
 *(.rela.init)

.rel.text
 *(.rel.text)
 *(.rel.text.*)
 *(.rel.gnu.linkonce.t*)

.rela.text
 *(.rela.text)
 *(.rela.text.*)
 *(.rela.gnu.linkonce.t*)

.rel.fini
 *(.rel.fini)

.rela.fini
 *(.rela.fini)

.rel.rodata
 *(.rel.rodata)
 *(.rel.rodata.*)
 *(.rel.gnu.linkonce.r*)

.rela.rodata
 *(.rela.rodata)
 *(.rela.rodata.*)
 *(.rela.gnu.linkonce.r*)

.rel.data
 *(.rel.data)
 *(.rel.data.*)
 *(.rel.gnu.linkonce.d*)

.rela.data
 *(.rela.data)
 *(.rela.data.*)
 *(.rela.gnu.linkonce.d*)

.rel.ctors
 *(.rel.ctors)

.rela.ctors
 *(.rela.ctors)

.rel.dtors
 *(.rel.dtors)

.rela.dtors
 *(.rela.dtors)

.rel.got
 *(.rel.got)

.rela.got
 *(.rela.got)

.rel.bss
 *(.rel.bss)

.rela.bss
 *(.rela.bss)

.rel.plt
 *(.rel.plt)

.rela.plt
 *(.rela.plt)

.text           0x00000000      0x748
 *(.vectors)
 .vectors       0x00000000       0x7c C:/Program Files (x86)/Atmel/Studio/7.0/Packs/atmel/ATmega_DFP/1.1.130/gcc/dev/atmega644pa/avr5/crtatmega644pa.o
                0x00000000                __vector_default
                0x00000000                __vectors
 *(.vectors)
 *(.progmem.gcc*)
                0x0000007c                . = ALIGN (0x2)
                0x0000007c                __trampolines_start = .
 *(.trampolines)
 .trampolines   0x0000007c        0x0 linker stubs
 *(.trampolines*)
                0x0000007c                __trampolines_end = .
 *libprintf_flt.a:*(.progmem.data)
 *libc.a:*(.progmem.data)
 *(.progmem*)
                0x0000007c                . = ALIGN (0x2)
 *(.jumptables)
 *(.jumptables*)
 *(.lowtext)
 *(.lowtext*)
                0x0000007c                __ctors_start = .
 *(.ctors)
                0x0000007c                __ctors_end = .
                0x0000007c                __dtors_start = .
 *(.dtors)
                0x0000007c                __dtors_end = .
 SORT(*)(.ctors)
 SORT(*)(.dtors)
 *(.init0)
 .init0         0x0000007c        0x0 C:/Program Files (x86)/Atmel/Studio/7.0/Packs/atmel/ATmega_DFP/1.1.130/gcc/dev/atmega644pa/avr5/crtatmega644pa.o
                0x0000007c                __init
 *(.init0)
 *(.init1)
 *(.init1)
 *(.init2)
 .init2         0x0000007c        0xc C:/Program Files (x86)/Atmel/Studio/7.0/Packs/atmel/ATmega_DFP/1.1.130/gcc/dev/atmega644pa/avr5/crtatmega644pa.o
 *(.init2)
 *(.init3)
 *(.init3)
 *(.init4)
 .init4         0x00000088       0x10 c:/program files (x86)/atmel/studio/7.0/toolchain/avr8/avr8-gnu-toolchain/bin/../lib/gcc/avr/4.9.2/avr5\libgcc.a(_clear_bss.o)
                0x00000088                __do_clear_bss
 *(.init4)
 *(.init5)
 *(.init5)
 *(.init6)
 *(.init6)
 *(.init7)
 *(.init7)
 *(.init8)
 *(.init8)
 *(.init9)
 .init9         0x00000098        0x8 C:/Program Files (x86)/Atmel/Studio/7.0/Packs/atmel/ATmega_DFP/1.1.130/gcc/dev/atmega644pa/avr5/crtatmega644pa.o
 *(.init9)
 *(.text)
 .text          0x000000a0        0x4 C:/Program Files (x86)/Atmel/Studio/7.0/Packs/atmel/ATmega_DFP/1.1.130/gcc/dev/atmega644pa/avr5/crtatmega644pa.o
                0x000000a0                __vector_1
                0x000000a0                __vector_24
                0x000000a0                __vector_12
                0x000000a0                __bad_interrupt
                0x000000a0                __vector_6
                0x000000a0                __vector_3
                0x000000a0                __vector_23
                0x000000a0                __vector_25
                0x000000a0                __vector_11
                0x000000a0                __vector_13
                0x000000a0                __vector_17
                0x000000a0                __vector_19
                0x000000a0                __vector_7
                0x000000a0                __vector_27
                0x000000a0                __vector_5
                0x000000a0                __vector_4
                0x000000a0                __vector_9
                0x000000a0                __vector_2
                0x000000a0                __vector_21
                0x000000a0                __vector_15
                0x000000a0                __vector_29
                0x000000a0                __vector_8
                0x000000a0                __vector_26
                0x000000a0                __vector_14
                0x000000a0                __vector_10
                0x000000a0                __vector_16
                0x000000a0                __vector_18
                0x000000a4                . = ALIGN (0x2)
 *(.text.*)
 .text.uart1_init
                0x000000a4       0x7e inc/uart1.o
                0x000000a4                uart1_init
 .text.uart1_interrupt_rx
                0x00000122       0x1e inc/uart1.o
                0x00000122                uart1_interrupt_rx
 .text.uart1_interrupt_tx
                0x00000140       0x1e inc/uart1.o
                0x00000140                uart1_interrupt_tx
 .text.uart1_receive_char
                0x0000015e       0x22 inc/uart1.o
                0x0000015e                uart1_receive_char
 .text.__vector_28
                0x00000180       0x66 inc/uart1.o
                0x00000180                __vector_28
 .text.__vector_30
                0x000001e6       0x5e inc/uart1.o
                0x000001e6                __vector_30
 .text.check_uart1
                0x00000244       0xac inc/uart1.o
                0x00000244                check_uart1
 .text.TR_buf_fill_In
                0x000002f0       0x30 inc/trinamic.o
                0x000002f0                TR_buf_fill_In
 .text.TR_buf_fill_Out
                0x00000320       0x30 inc/trinamic.o
                0x00000320                TR_buf_fill_Out
 .text.uart0_init
                0x00000350       0x7e inc/uart0.o
                0x00000350                uart0_init
 .text.uart0_interrupt_rx
                0x000003ce       0x1e inc/uart0.o
                0x000003ce                uart0_interrupt_rx
 .text.uart0_interrupt_tx
                0x000003ec       0x1e inc/uart0.o
                0x000003ec                uart0_interrupt_tx
 .text.uart0_receive_char
                0x0000040a       0x22 inc/uart0.o
                0x0000040a                uart0_receive_char
 .text.__vector_20
                0x0000042c       0x66 inc/uart0.o
                0x0000042c                __vector_20
 .text.__vector_22
                0x00000492       0x5e inc/uart0.o
                0x00000492                __vector_22
 .text.check_uart0
                0x000004f0       0xac inc/uart0.o
                0x000004f0                check_uart0
 .text.main     0x0000059c      0x164 main.o
                0x0000059c                main
 .text.libgcc.div
                0x00000700       0x44 c:/program files (x86)/atmel/studio/7.0/toolchain/avr8/avr8-gnu-toolchain/bin/../lib/gcc/avr/4.9.2/avr5\libgcc.a(_udivmodsi4.o)
                0x00000700                __udivmodsi4
                0x00000744                . = ALIGN (0x2)
 *(.fini9)
 .fini9         0x00000744        0x0 c:/program files (x86)/atmel/studio/7.0/toolchain/avr8/avr8-gnu-toolchain/bin/../lib/gcc/avr/4.9.2/avr5\libgcc.a(_exit.o)
                0x00000744                _exit
                0x00000744                exit
 *(.fini9)
 *(.fini8)
 *(.fini8)
 *(.fini7)
 *(.fini7)
 *(.fini6)
 *(.fini6)
 *(.fini5)
 *(.fini5)
 *(.fini4)
 *(.fini4)
 *(.fini3)
 *(.fini3)
 *(.fini2)
 *(.fini2)
 *(.fini1)
 *(.fini1)
 *(.fini0)
 .fini0         0x00000744        0x4 c:/program files (x86)/atmel/studio/7.0/toolchain/avr8/avr8-gnu-toolchain/bin/../lib/gcc/avr/4.9.2/avr5\libgcc.a(_exit.o)
 *(.fini0)
                0x00000748                _etext = .

.data           0x00800100        0x0 load address 0x00000748
                [!provide]                PROVIDE (__data_start, .)
 *(.data)
 *(.data*)
 *(.rodata)
 *(.rodata*)
 *(.gnu.linkonce.d*)
                0x00800100                . = ALIGN (0x2)
                0x00800100                _edata = .
                [!provide]                PROVIDE (__data_end, .)

.bss            0x00800100       0x7c
                0x00800100                PROVIDE (__bss_start, .)
 *(.bss)
 *(.bss*)
 .bss.citacka1  0x00800100        0x2 inc/timer.o
                0x00800100                citacka1
 .bss.citacka0  0x00800102        0x2 inc/timer.o
                0x00800102                citacka0
 .bss.uart1_rx_ptr
                0x00800104        0x1 inc/uart1.o
                0x00800104                uart1_rx_ptr
 .bss.uart1_rx_iptr
                0x00800105        0x1 inc/uart1.o
                0x00800105                uart1_rx_iptr
 .bss.uart1_rx_flag
                0x00800106        0x1 inc/uart1.o
                0x00800106                uart1_rx_flag
 .bss.uart1_tx_iptr
                0x00800107        0x1 inc/uart1.o
                0x00800107                uart1_tx_iptr
 .bss.uart1_tx_flag
                0x00800108        0x1 inc/uart1.o
                0x00800108                uart1_tx_flag
 .bss.uart1_check_sum
                0x00800109        0x1 inc/uart1.o
                0x00800109                uart1_check_sum
 .bss.uart1_ret
                0x0080010a        0x1 inc/uart1.o
                0x0080010a                uart1_ret
 .bss.uart1_i   0x0080010b        0x1 inc/uart1.o
                0x0080010b                uart1_i
 .bss.uart1_sum
                0x0080010c        0x1 inc/uart1.o
                0x0080010c                uart1_sum
 .bss.uart0_rx_iptr
                0x0080010d        0x1 inc/uart0.o
                0x0080010d                uart0_rx_iptr
 .bss.uart0_rx_ptr
                0x0080010e        0x1 inc/uart0.o
                0x0080010e                uart0_rx_ptr
 .bss.uart0_rx_flag
                0x0080010f        0x1 inc/uart0.o
                0x0080010f                uart0_rx_flag
 .bss.uart0_tx_iptr
                0x00800110        0x1 inc/uart0.o
                0x00800110                uart0_tx_iptr
 .bss.uart0_tx_flag
                0x00800111        0x1 inc/uart0.o
                0x00800111                uart0_tx_flag
 .bss.uart0_check_sum
                0x00800112        0x1 inc/uart0.o
                0x00800112                uart0_check_sum
 .bss.uart0_ret
                0x00800113        0x1 inc/uart0.o
                0x00800113                uart0_ret
 .bss.uart0_i   0x00800114        0x1 inc/uart0.o
                0x00800114                uart0_i
 .bss.uart0_sum
                0x00800115        0x1 inc/uart0.o
                0x00800115                uart0_sum
 .bss.UB        0x00800116        0x4 main.o
                0x00800116                UB
 .bss.uart1_error
                0x0080011a        0x1 main.o
                0x0080011a                uart1_error
 .bss.uart0_error
                0x0080011b        0x1 main.o
                0x0080011b                uart0_error
 *(COMMON)
 COMMON         0x0080011c       0x30 inc/uart1.o
                0x0080011c                uart1_buf_tx
                0x0080012e                tmpUart1
                0x00800131                TR_Buf_In
                0x0080013a                uart1_buf_rx
 COMMON         0x0080014c       0x1b inc/trinamic.o
                0x0080014c                TR_Buf_Out
                0x00800155                uart0_buf_rx
 COMMON         0x00800167       0x15 inc/uart0.o
                0x00800167                uart0_buf_tx
                0x00800179                tmpUart0
                0x0080017c                PROVIDE (__bss_end, .)
                0x00000748                __data_load_start = LOADADDR (.data)
                0x00000748                __data_load_end = (__data_load_start + SIZEOF (.data))

.noinit         0x0080017c        0x0
                [!provide]                PROVIDE (__noinit_start, .)
 *(.noinit*)
                [!provide]                PROVIDE (__noinit_end, .)
                0x0080017c                _end = .
                [!provide]                PROVIDE (__heap_start, .)

.eeprom         0x00810000        0x0
 *(.eeprom*)
                0x00810000                __eeprom_end = .

.fuse
 *(.fuse)
 *(.lfuse)
 *(.hfuse)
 *(.efuse)

.lock
 *(.lock*)

.signature
 *(.signature*)

.user_signatures
 *(.user_signatures*)

.stab
 *(.stab)

.stabstr
 *(.stabstr)

.stab.excl
 *(.stab.excl)

.stab.exclstr
 *(.stab.exclstr)

.stab.index
 *(.stab.index)

.stab.indexstr
 *(.stab.indexstr)

.comment        0x00000000       0x30
 *(.comment)
 .comment       0x00000000       0x30 inc/timer.o
                                 0x31 (size before relaxing)
 .comment       0x00000030       0x31 inc/uart1.o
 .comment       0x00000030       0x31 inc/trinamic.o
 .comment       0x00000030       0x31 inc/uart0.o
 .comment       0x00000030       0x31 main.o

.note.gnu.avr.deviceinfo
                0x00000000       0x40
 .note.gnu.avr.deviceinfo
                0x00000000       0x40 C:/Program Files (x86)/Atmel/Studio/7.0/Packs/atmel/ATmega_DFP/1.1.130/gcc/dev/atmega644pa/avr5/crtatmega644pa.o

.note.gnu.build-id
 *(.note.gnu.build-id)

.debug
 *(.debug)

.line
 *(.line)

.debug_srcinfo
 *(.debug_srcinfo)

.debug_sfnames
 *(.debug_sfnames)

.debug_aranges  0x00000000      0x120
 *(.debug_aranges)
 .debug_aranges
                0x00000000       0x18 inc/timer.o
 .debug_aranges
                0x00000018       0x60 inc/uart1.o
 .debug_aranges
                0x00000078       0x28 inc/trinamic.o
 .debug_aranges
                0x000000a0       0x60 inc/uart0.o
 .debug_aranges
                0x00000100       0x20 main.o

.debug_pubnames
 *(.debug_pubnames)

.debug_info     0x00000000     0x1829
 *(.debug_info .gnu.linkonce.wi.*)
 .debug_info    0x00000000      0x6cc C:/Program Files (x86)/Atmel/Studio/7.0/Packs/atmel/ATmega_DFP/1.1.130/gcc/dev/atmega644pa/avr5/crtatmega644pa.o
 .debug_info    0x000006cc       0x91 inc/timer.o
 .debug_info    0x0000075d      0x45f inc/uart1.o
 .debug_info    0x00000bbc      0x25d inc/trinamic.o
 .debug_info    0x00000e19      0x483 inc/uart0.o
 .debug_info    0x0000129c      0x58d main.o

.debug_abbrev   0x00000000      0xbf2
 *(.debug_abbrev)
 .debug_abbrev  0x00000000      0x66e C:/Program Files (x86)/Atmel/Studio/7.0/Packs/atmel/ATmega_DFP/1.1.130/gcc/dev/atmega644pa/avr5/crtatmega644pa.o
 .debug_abbrev  0x0000066e       0x4b inc/timer.o
 .debug_abbrev  0x000006b9      0x18b inc/uart1.o
 .debug_abbrev  0x00000844       0xda inc/trinamic.o
 .debug_abbrev  0x0000091e      0x18b inc/uart0.o
 .debug_abbrev  0x00000aa9      0x149 main.o

.debug_line     0x00000000      0xa4b
 *(.debug_line .debug_line.* .debug_line_end)
 .debug_line    0x00000000      0x151 C:/Program Files (x86)/Atmel/Studio/7.0/Packs/atmel/ATmega_DFP/1.1.130/gcc/dev/atmega644pa/avr5/crtatmega644pa.o
 .debug_line    0x00000151       0x8e inc/timer.o
 .debug_line    0x000001df      0x2b0 inc/uart1.o
 .debug_line    0x0000048f      0x11b inc/trinamic.o
 .debug_line    0x000005aa      0x2b0 inc/uart0.o
 .debug_line    0x0000085a      0x1f1 main.o

.debug_frame    0x00000000      0x290
 *(.debug_frame)
 .debug_frame   0x00000000      0x11c inc/uart1.o
 .debug_frame   0x0000011c       0x34 inc/trinamic.o
 .debug_frame   0x00000150      0x11c inc/uart0.o
 .debug_frame   0x0000026c       0x24 main.o

.debug_str      0x00000000      0x707
 *(.debug_str)
 .debug_str     0x00000000      0x252 C:/Program Files (x86)/Atmel/Studio/7.0/Packs/atmel/ATmega_DFP/1.1.130/gcc/dev/atmega644pa/avr5/crtatmega644pa.o
 .debug_str     0x00000252      0x152 inc/timer.o
                                0x18b (size before relaxing)
 .debug_str     0x000003a4      0x1ba inc/uart1.o
                                0x33b (size before relaxing)
 .debug_str     0x0000055e       0x56 inc/trinamic.o
                                0x21b (size before relaxing)
 .debug_str     0x000005b4      0x12a inc/uart0.o
                                0x34d (size before relaxing)
 .debug_str     0x000006de       0x29 main.o
                                0x351 (size before relaxing)

.debug_loc      0x00000000      0x5ce
 *(.debug_loc)
 .debug_loc     0x00000000      0x27c inc/uart1.o
 .debug_loc     0x0000027c       0xac inc/trinamic.o
 .debug_loc     0x00000328      0x27c inc/uart0.o
 .debug_loc     0x000005a4       0x2a main.o

.debug_macinfo
 *(.debug_macinfo)

.debug_weaknames
 *(.debug_weaknames)

.debug_funcnames
 *(.debug_funcnames)

.debug_typenames
 *(.debug_typenames)

.debug_varnames
 *(.debug_varnames)

.debug_pubtypes
 *(.debug_pubtypes)

.debug_ranges   0x00000000       0xf8
 *(.debug_ranges)
 .debug_ranges  0x00000000       0x50 inc/uart1.o
 .debug_ranges  0x00000050       0x18 inc/trinamic.o
 .debug_ranges  0x00000068       0x50 inc/uart0.o
 .debug_ranges  0x000000b8       0x40 main.o

.debug_macro
 *(.debug_macro)
OUTPUT(Firmware.elf elf32-avr)
LOAD linker stubs
