Archive member included to satisfy reference by file (symbol)

c:/program files (x86)/atmel/studio/7.0/toolchain/avr8/avr8-gnu-toolchain/bin/../lib/gcc/avr/4.9.2/avr5\libgcc.a(_udivmodsi4.o)
                              inc/uart1.o (__udivmodsi4)
c:/program files (x86)/atmel/studio/7.0/toolchain/avr8/avr8-gnu-toolchain/bin/../lib/gcc/avr/4.9.2/avr5\libgcc.a(_exit.o)
                              C:/Program Files (x86)/Atmel/Studio/7.0/Packs/atmel/ATmega_DFP/1.1.130/gcc/dev/atmega644pa/avr5/crtatmega644pa.o (exit)
c:/program files (x86)/atmel/studio/7.0/toolchain/avr8/avr8-gnu-toolchain/bin/../lib/gcc/avr/4.9.2/avr5\libgcc.a(_tablejump2.o)
                              inc/uart1.o (__tablejump2__)
c:/program files (x86)/atmel/studio/7.0/toolchain/avr8/avr8-gnu-toolchain/bin/../lib/gcc/avr/4.9.2/avr5\libgcc.a(_clear_bss.o)
                              inc/board.o (__do_clear_bss)
C:/Program Files (x86)/Atmel/Studio/7.0/Packs/atmel/ATmega_DFP/1.1.130/gcc/dev/atmega644pa/avr5\libatmega644pa.a(eerd_block.o)
                              inc/trinamic.o (eeprom_read_block)
C:/Program Files (x86)/Atmel/Studio/7.0/Packs/atmel/ATmega_DFP/1.1.130/gcc/dev/atmega644pa/avr5\libatmega644pa.a(eeupd_byte.o)
                              inc/trinamic.o (eeprom_update_byte)
C:/Program Files (x86)/Atmel/Studio/7.0/Packs/atmel/ATmega_DFP/1.1.130/gcc/dev/atmega644pa/avr5\libatmega644pa.a(eewr_block.o)
                              inc/trinamic.o (eeprom_write_block)
C:/Program Files (x86)/Atmel/Studio/7.0/Packs/atmel/ATmega_DFP/1.1.130/gcc/dev/atmega644pa/avr5\libatmega644pa.a(eewr_byte.o)
                              C:/Program Files (x86)/Atmel/Studio/7.0/Packs/atmel/ATmega_DFP/1.1.130/gcc/dev/atmega644pa/avr5\libatmega644pa.a(eewr_block.o) (eeprom_write_r18)

Allocating common symbols
Common symbol       size              file

uart1_buf_tx        0x12              inc/uart1.o
uart0_buf_tx        0x12              inc/uart0.o
TB_gbparam1         0x5               inc/board.o
tmpUart0            0x3               inc/uart0.o
TB_Buf_In           0x9               inc/uart1.o
TB_gbparam0         0x5               inc/board.o
uart0_buf_rx        0x12              inc/trinamic.o
tmpUart1            0x3               inc/uart1.o
uart1_buf_rx        0x12              inc/uart1.o
TB_Buf_Out          0x9               inc/trinamic.o

Discarded input sections

 .data          0x00000000        0x0 C:/Program Files (x86)/Atmel/Studio/7.0/Packs/atmel/ATmega_DFP/1.1.130/gcc/dev/atmega644pa/avr5/crtatmega644pa.o
 .bss           0x00000000        0x0 C:/Program Files (x86)/Atmel/Studio/7.0/Packs/atmel/ATmega_DFP/1.1.130/gcc/dev/atmega644pa/avr5/crtatmega644pa.o
 .text          0x00000000        0x0 inc/board.o
 .data          0x00000000        0x0 inc/board.o
 .bss           0x00000000        0x0 inc/board.o
 .text          0x00000000        0x0 inc/timer.o
 .data          0x00000000        0x0 inc/timer.o
 .bss           0x00000000        0x0 inc/timer.o
 COMMON         0x00000000        0x0 inc/timer.o
 .text          0x00000000        0x0 inc/uart1.o
 .data          0x00000000        0x0 inc/uart1.o
 .bss           0x00000000        0x0 inc/uart1.o
 .text.uart1_ptr_ask
                0x00000000        0x6 inc/uart1.o
 .text.uart1_transmit_char
                0x00000000       0x10 inc/uart1.o
 .bss.uart1_tx_ptr
                0x00000000        0x1 inc/uart1.o
 .text          0x00000000        0x0 inc/trinamic.o
 .data          0x00000000        0x0 inc/trinamic.o
 .bss           0x00000000        0x0 inc/trinamic.o
 .text.TB_Send  0x00000000       0x44 inc/trinamic.o
 .text          0x00000000        0x0 inc/uart0.o
 .data          0x00000000        0x0 inc/uart0.o
 .bss           0x00000000        0x0 inc/uart0.o
 .text.uart0_ptr_ask
                0x00000000        0x6 inc/uart0.o
 .text.uart0_transmit_char
                0x00000000       0x10 inc/uart0.o
 .bss.uart0_tx_ptr
                0x00000000        0x1 inc/uart0.o
 .text          0x00000000        0x0 main.o
 .data          0x00000000        0x0 main.o
 .bss           0x00000000        0x0 main.o
 .text          0x00000000        0x0 c:/program files (x86)/atmel/studio/7.0/toolchain/avr8/avr8-gnu-toolchain/bin/../lib/gcc/avr/4.9.2/avr5\libgcc.a(_udivmodsi4.o)
 .data          0x00000000        0x0 c:/program files (x86)/atmel/studio/7.0/toolchain/avr8/avr8-gnu-toolchain/bin/../lib/gcc/avr/4.9.2/avr5\libgcc.a(_udivmodsi4.o)
 .bss           0x00000000        0x0 c:/program files (x86)/atmel/studio/7.0/toolchain/avr8/avr8-gnu-toolchain/bin/../lib/gcc/avr/4.9.2/avr5\libgcc.a(_udivmodsi4.o)
 .text.libgcc.mul
                0x00000000        0x0 c:/program files (x86)/atmel/studio/7.0/toolchain/avr8/avr8-gnu-toolchain/bin/../lib/gcc/avr/4.9.2/avr5\libgcc.a(_udivmodsi4.o)
 .text.libgcc   0x00000000        0x0 c:/program files (x86)/atmel/studio/7.0/toolchain/avr8/avr8-gnu-toolchain/bin/../lib/gcc/avr/4.9.2/avr5\libgcc.a(_udivmodsi4.o)
 .text.libgcc.prologue
                0x00000000        0x0 c:/program files (x86)/atmel/studio/7.0/toolchain/avr8/avr8-gnu-toolchain/bin/../lib/gcc/avr/4.9.2/avr5\libgcc.a(_udivmodsi4.o)
 .text.libgcc.builtins
                0x00000000        0x0 c:/program files (x86)/atmel/studio/7.0/toolchain/avr8/avr8-gnu-toolchain/bin/../lib/gcc/avr/4.9.2/avr5\libgcc.a(_udivmodsi4.o)
 .text.libgcc.fmul
                0x00000000        0x0 c:/program files (x86)/atmel/studio/7.0/toolchain/avr8/avr8-gnu-toolchain/bin/../lib/gcc/avr/4.9.2/avr5\libgcc.a(_udivmodsi4.o)
 .text.libgcc.fixed
                0x00000000        0x0 c:/program files (x86)/atmel/studio/7.0/toolchain/avr8/avr8-gnu-toolchain/bin/../lib/gcc/avr/4.9.2/avr5\libgcc.a(_udivmodsi4.o)
 .text          0x00000000        0x0 c:/program files (x86)/atmel/studio/7.0/toolchain/avr8/avr8-gnu-toolchain/bin/../lib/gcc/avr/4.9.2/avr5\libgcc.a(_exit.o)
 .data          0x00000000        0x0 c:/program files (x86)/atmel/studio/7.0/toolchain/avr8/avr8-gnu-toolchain/bin/../lib/gcc/avr/4.9.2/avr5\libgcc.a(_exit.o)
 .bss           0x00000000        0x0 c:/program files (x86)/atmel/studio/7.0/toolchain/avr8/avr8-gnu-toolchain/bin/../lib/gcc/avr/4.9.2/avr5\libgcc.a(_exit.o)
 .text.libgcc.mul
                0x00000000        0x0 c:/program files (x86)/atmel/studio/7.0/toolchain/avr8/avr8-gnu-toolchain/bin/../lib/gcc/avr/4.9.2/avr5\libgcc.a(_exit.o)
 .text.libgcc.div
                0x00000000        0x0 c:/program files (x86)/atmel/studio/7.0/toolchain/avr8/avr8-gnu-toolchain/bin/../lib/gcc/avr/4.9.2/avr5\libgcc.a(_exit.o)
 .text.libgcc   0x00000000        0x0 c:/program files (x86)/atmel/studio/7.0/toolchain/avr8/avr8-gnu-toolchain/bin/../lib/gcc/avr/4.9.2/avr5\libgcc.a(_exit.o)
 .text.libgcc.prologue
                0x00000000        0x0 c:/program files (x86)/atmel/studio/7.0/toolchain/avr8/avr8-gnu-toolchain/bin/../lib/gcc/avr/4.9.2/avr5\libgcc.a(_exit.o)
 .text.libgcc.builtins
                0x00000000        0x0 c:/program files (x86)/atmel/studio/7.0/toolchain/avr8/avr8-gnu-toolchain/bin/../lib/gcc/avr/4.9.2/avr5\libgcc.a(_exit.o)
 .text.libgcc.fmul
                0x00000000        0x0 c:/program files (x86)/atmel/studio/7.0/toolchain/avr8/avr8-gnu-toolchain/bin/../lib/gcc/avr/4.9.2/avr5\libgcc.a(_exit.o)
 .text.libgcc.fixed
                0x00000000        0x0 c:/program files (x86)/atmel/studio/7.0/toolchain/avr8/avr8-gnu-toolchain/bin/../lib/gcc/avr/4.9.2/avr5\libgcc.a(_exit.o)
 .text          0x00000000        0x0 c:/program files (x86)/atmel/studio/7.0/toolchain/avr8/avr8-gnu-toolchain/bin/../lib/gcc/avr/4.9.2/avr5\libgcc.a(_tablejump2.o)
 .data          0x00000000        0x0 c:/program files (x86)/atmel/studio/7.0/toolchain/avr8/avr8-gnu-toolchain/bin/../lib/gcc/avr/4.9.2/avr5\libgcc.a(_tablejump2.o)
 .bss           0x00000000        0x0 c:/program files (x86)/atmel/studio/7.0/toolchain/avr8/avr8-gnu-toolchain/bin/../lib/gcc/avr/4.9.2/avr5\libgcc.a(_tablejump2.o)
 .text.libgcc.mul
                0x00000000        0x0 c:/program files (x86)/atmel/studio/7.0/toolchain/avr8/avr8-gnu-toolchain/bin/../lib/gcc/avr/4.9.2/avr5\libgcc.a(_tablejump2.o)
 .text.libgcc.div
                0x00000000        0x0 c:/program files (x86)/atmel/studio/7.0/toolchain/avr8/avr8-gnu-toolchain/bin/../lib/gcc/avr/4.9.2/avr5\libgcc.a(_tablejump2.o)
 .text.libgcc.prologue
                0x00000000        0x0 c:/program files (x86)/atmel/studio/7.0/toolchain/avr8/avr8-gnu-toolchain/bin/../lib/gcc/avr/4.9.2/avr5\libgcc.a(_tablejump2.o)
 .text.libgcc.builtins
                0x00000000        0x0 c:/program files (x86)/atmel/studio/7.0/toolchain/avr8/avr8-gnu-toolchain/bin/../lib/gcc/avr/4.9.2/avr5\libgcc.a(_tablejump2.o)
 .text.libgcc.fmul
                0x00000000        0x0 c:/program files (x86)/atmel/studio/7.0/toolchain/avr8/avr8-gnu-toolchain/bin/../lib/gcc/avr/4.9.2/avr5\libgcc.a(_tablejump2.o)
 .text.libgcc.fixed
                0x00000000        0x0 c:/program files (x86)/atmel/studio/7.0/toolchain/avr8/avr8-gnu-toolchain/bin/../lib/gcc/avr/4.9.2/avr5\libgcc.a(_tablejump2.o)
 .text          0x00000000        0x0 c:/program files (x86)/atmel/studio/7.0/toolchain/avr8/avr8-gnu-toolchain/bin/../lib/gcc/avr/4.9.2/avr5\libgcc.a(_clear_bss.o)
 .data          0x00000000        0x0 c:/program files (x86)/atmel/studio/7.0/toolchain/avr8/avr8-gnu-toolchain/bin/../lib/gcc/avr/4.9.2/avr5\libgcc.a(_clear_bss.o)
 .bss           0x00000000        0x0 c:/program files (x86)/atmel/studio/7.0/toolchain/avr8/avr8-gnu-toolchain/bin/../lib/gcc/avr/4.9.2/avr5\libgcc.a(_clear_bss.o)
 .text.libgcc.mul
                0x00000000        0x0 c:/program files (x86)/atmel/studio/7.0/toolchain/avr8/avr8-gnu-toolchain/bin/../lib/gcc/avr/4.9.2/avr5\libgcc.a(_clear_bss.o)
 .text.libgcc.div
                0x00000000        0x0 c:/program files (x86)/atmel/studio/7.0/toolchain/avr8/avr8-gnu-toolchain/bin/../lib/gcc/avr/4.9.2/avr5\libgcc.a(_clear_bss.o)
 .text.libgcc   0x00000000        0x0 c:/program files (x86)/atmel/studio/7.0/toolchain/avr8/avr8-gnu-toolchain/bin/../lib/gcc/avr/4.9.2/avr5\libgcc.a(_clear_bss.o)
 .text.libgcc.prologue
                0x00000000        0x0 c:/program files (x86)/atmel/studio/7.0/toolchain/avr8/avr8-gnu-toolchain/bin/../lib/gcc/avr/4.9.2/avr5\libgcc.a(_clear_bss.o)
 .text.libgcc.builtins
                0x00000000        0x0 c:/program files (x86)/atmel/studio/7.0/toolchain/avr8/avr8-gnu-toolchain/bin/../lib/gcc/avr/4.9.2/avr5\libgcc.a(_clear_bss.o)
 .text.libgcc.fmul
                0x00000000        0x0 c:/program files (x86)/atmel/studio/7.0/toolchain/avr8/avr8-gnu-toolchain/bin/../lib/gcc/avr/4.9.2/avr5\libgcc.a(_clear_bss.o)
 .text.libgcc.fixed
                0x00000000        0x0 c:/program files (x86)/atmel/studio/7.0/toolchain/avr8/avr8-gnu-toolchain/bin/../lib/gcc/avr/4.9.2/avr5\libgcc.a(_clear_bss.o)
 .text          0x00000000        0x0 C:/Program Files (x86)/Atmel/Studio/7.0/Packs/atmel/ATmega_DFP/1.1.130/gcc/dev/atmega644pa/avr5\libatmega644pa.a(eerd_block.o)
 .data          0x00000000        0x0 C:/Program Files (x86)/Atmel/Studio/7.0/Packs/atmel/ATmega_DFP/1.1.130/gcc/dev/atmega644pa/avr5\libatmega644pa.a(eerd_block.o)
 .bss           0x00000000        0x0 C:/Program Files (x86)/Atmel/Studio/7.0/Packs/atmel/ATmega_DFP/1.1.130/gcc/dev/atmega644pa/avr5\libatmega644pa.a(eerd_block.o)
 .text          0x00000000        0x0 C:/Program Files (x86)/Atmel/Studio/7.0/Packs/atmel/ATmega_DFP/1.1.130/gcc/dev/atmega644pa/avr5\libatmega644pa.a(eeupd_byte.o)
 .data          0x00000000        0x0 C:/Program Files (x86)/Atmel/Studio/7.0/Packs/atmel/ATmega_DFP/1.1.130/gcc/dev/atmega644pa/avr5\libatmega644pa.a(eeupd_byte.o)
 .bss           0x00000000        0x0 C:/Program Files (x86)/Atmel/Studio/7.0/Packs/atmel/ATmega_DFP/1.1.130/gcc/dev/atmega644pa/avr5\libatmega644pa.a(eeupd_byte.o)
 .text          0x00000000        0x0 C:/Program Files (x86)/Atmel/Studio/7.0/Packs/atmel/ATmega_DFP/1.1.130/gcc/dev/atmega644pa/avr5\libatmega644pa.a(eewr_block.o)
 .data          0x00000000        0x0 C:/Program Files (x86)/Atmel/Studio/7.0/Packs/atmel/ATmega_DFP/1.1.130/gcc/dev/atmega644pa/avr5\libatmega644pa.a(eewr_block.o)
 .bss           0x00000000        0x0 C:/Program Files (x86)/Atmel/Studio/7.0/Packs/atmel/ATmega_DFP/1.1.130/gcc/dev/atmega644pa/avr5\libatmega644pa.a(eewr_block.o)
 .text          0x00000000        0x0 C:/Program Files (x86)/Atmel/Studio/7.0/Packs/atmel/ATmega_DFP/1.1.130/gcc/dev/atmega644pa/avr5\libatmega644pa.a(eewr_byte.o)
 .data          0x00000000        0x0 C:/Program Files (x86)/Atmel/Studio/7.0/Packs/atmel/ATmega_DFP/1.1.130/gcc/dev/atmega644pa/avr5\libatmega644pa.a(eewr_byte.o)
 .bss           0x00000000        0x0 C:/Program Files (x86)/Atmel/Studio/7.0/Packs/atmel/ATmega_DFP/1.1.130/gcc/dev/atmega644pa/avr5\libatmega644pa.a(eewr_byte.o)

Memory Configuration

Name             Origin             Length             Attributes
text             0x00000000         0x00020000         xr
data             0x00800060         0x0000ffa0         rw !x
eeprom           0x00810000         0x00010000         rw !x
fuse             0x00820000         0x00000003         rw !x
lock             0x00830000         0x00000400         rw !x
signature        0x00840000         0x00000400         rw !x
user_signatures  0x00850000         0x00000400         rw !x
*default*        0x00000000         0xffffffff

Linker script and memory map

Address of section .data set to 0x800100
LOAD C:/Program Files (x86)/Atmel/Studio/7.0/Packs/atmel/ATmega_DFP/1.1.130/gcc/dev/atmega644pa/avr5/crtatmega644pa.o
LOAD inc/board.o
LOAD inc/timer.o
LOAD inc/uart1.o
LOAD inc/trinamic.o
LOAD inc/uart0.o
LOAD main.o
START GROUP
LOAD c:/program files (x86)/atmel/studio/7.0/toolchain/avr8/avr8-gnu-toolchain/bin/../lib/gcc/avr/4.9.2/../../../../avr/lib/avr5\libm.a
END GROUP
START GROUP
LOAD c:/program files (x86)/atmel/studio/7.0/toolchain/avr8/avr8-gnu-toolchain/bin/../lib/gcc/avr/4.9.2/avr5\libgcc.a
LOAD c:/program files (x86)/atmel/studio/7.0/toolchain/avr8/avr8-gnu-toolchain/bin/../lib/gcc/avr/4.9.2/../../../../avr/lib/avr5\libm.a
LOAD c:/program files (x86)/atmel/studio/7.0/toolchain/avr8/avr8-gnu-toolchain/bin/../lib/gcc/avr/4.9.2/../../../../avr/lib/avr5\libc.a
LOAD C:/Program Files (x86)/Atmel/Studio/7.0/Packs/atmel/ATmega_DFP/1.1.130/gcc/dev/atmega644pa/avr5\libatmega644pa.a
END GROUP
                0x00020000                __TEXT_REGION_LENGTH__ = DEFINED (__TEXT_REGION_LENGTH__)?__TEXT_REGION_LENGTH__:0x20000
                0x0000ffa0                __DATA_REGION_LENGTH__ = DEFINED (__DATA_REGION_LENGTH__)?__DATA_REGION_LENGTH__:0xffa0
                0x00010000                __EEPROM_REGION_LENGTH__ = DEFINED (__EEPROM_REGION_LENGTH__)?__EEPROM_REGION_LENGTH__:0x10000
                [0x00000003]                __FUSE_REGION_LENGTH__ = DEFINED (__FUSE_REGION_LENGTH__)?__FUSE_REGION_LENGTH__:0x400
                0x00000400                __LOCK_REGION_LENGTH__ = DEFINED (__LOCK_REGION_LENGTH__)?__LOCK_REGION_LENGTH__:0x400
                0x00000400                __SIGNATURE_REGION_LENGTH__ = DEFINED (__SIGNATURE_REGION_LENGTH__)?__SIGNATURE_REGION_LENGTH__:0x400
                0x00000400                __USER_SIGNATURE_REGION_LENGTH__ = DEFINED (__USER_SIGNATURE_REGION_LENGTH__)?__USER_SIGNATURE_REGION_LENGTH__:0x400

.hash
 *(.hash)

.dynsym
 *(.dynsym)

.dynstr
 *(.dynstr)

.gnu.version
 *(.gnu.version)

.gnu.version_d
 *(.gnu.version_d)

.gnu.version_r
 *(.gnu.version_r)

.rel.init
 *(.rel.init)

.rela.init
 *(.rela.init)

.rel.text
 *(.rel.text)
 *(.rel.text.*)
 *(.rel.gnu.linkonce.t*)

.rela.text
 *(.rela.text)
 *(.rela.text.*)
 *(.rela.gnu.linkonce.t*)

.rel.fini
 *(.rel.fini)

.rela.fini
 *(.rela.fini)

.rel.rodata
 *(.rel.rodata)
 *(.rel.rodata.*)
 *(.rel.gnu.linkonce.r*)

.rela.rodata
 *(.rela.rodata)
 *(.rela.rodata.*)
 *(.rela.gnu.linkonce.r*)

.rel.data
 *(.rel.data)
 *(.rel.data.*)
 *(.rel.gnu.linkonce.d*)

.rela.data
 *(.rela.data)
 *(.rela.data.*)
 *(.rela.gnu.linkonce.d*)

.rel.ctors
 *(.rel.ctors)

.rela.ctors
 *(.rela.ctors)

.rel.dtors
 *(.rel.dtors)

.rela.dtors
 *(.rela.dtors)

.rel.got
 *(.rel.got)

.rela.got
 *(.rela.got)

.rel.bss
 *(.rel.bss)

.rela.bss
 *(.rela.bss)

.rel.plt
 *(.rel.plt)

.rela.plt
 *(.rela.plt)

.text           0x00000000      0xeec
 *(.vectors)
 .vectors       0x00000000       0x7c C:/Program Files (x86)/Atmel/Studio/7.0/Packs/atmel/ATmega_DFP/1.1.130/gcc/dev/atmega644pa/avr5/crtatmega644pa.o
                0x00000000                __vector_default
                0x00000000                __vectors
 *(.vectors)
 *(.progmem.gcc*)
 .progmem.gcc_sw_table.uart1_set_baud
                0x0000007c       0x18 inc/uart1.o
 .progmem.gcc_sw_table.uart0_set_baud
                0x00000094       0x18 inc/uart0.o
                0x000000ac                . = ALIGN (0x2)
                0x000000ac                __trampolines_start = .
 *(.trampolines)
 .trampolines   0x000000ac        0x0 linker stubs
 *(.trampolines*)
                0x000000ac                __trampolines_end = .
 *libprintf_flt.a:*(.progmem.data)
 *libc.a:*(.progmem.data)
 *(.progmem*)
                0x000000ac                . = ALIGN (0x2)
 *(.jumptables)
 *(.jumptables*)
 *(.lowtext)
 *(.lowtext*)
                0x000000ac                __ctors_start = .
 *(.ctors)
                0x000000ac                __ctors_end = .
                0x000000ac                __dtors_start = .
 *(.dtors)
                0x000000ac                __dtors_end = .
 SORT(*)(.ctors)
 SORT(*)(.dtors)
 *(.init0)
 .init0         0x000000ac        0x0 C:/Program Files (x86)/Atmel/Studio/7.0/Packs/atmel/ATmega_DFP/1.1.130/gcc/dev/atmega644pa/avr5/crtatmega644pa.o
                0x000000ac                __init
 *(.init0)
 *(.init1)
 *(.init1)
 *(.init2)
 .init2         0x000000ac        0xc C:/Program Files (x86)/Atmel/Studio/7.0/Packs/atmel/ATmega_DFP/1.1.130/gcc/dev/atmega644pa/avr5/crtatmega644pa.o
 *(.init2)
 *(.init3)
 *(.init3)
 *(.init4)
 .init4         0x000000b8       0x10 c:/program files (x86)/atmel/studio/7.0/toolchain/avr8/avr8-gnu-toolchain/bin/../lib/gcc/avr/4.9.2/avr5\libgcc.a(_clear_bss.o)
                0x000000b8                __do_clear_bss
 *(.init4)
 *(.init5)
 *(.init5)
 *(.init6)
 *(.init6)
 *(.init7)
 *(.init7)
 *(.init8)
 *(.init8)
 *(.init9)
 .init9         0x000000c8        0x8 C:/Program Files (x86)/Atmel/Studio/7.0/Packs/atmel/ATmega_DFP/1.1.130/gcc/dev/atmega644pa/avr5/crtatmega644pa.o
 *(.init9)
 *(.text)
 .text          0x000000d0        0x4 C:/Program Files (x86)/Atmel/Studio/7.0/Packs/atmel/ATmega_DFP/1.1.130/gcc/dev/atmega644pa/avr5/crtatmega644pa.o
                0x000000d0                __vector_1
                0x000000d0                __vector_24
                0x000000d0                __vector_12
                0x000000d0                __bad_interrupt
                0x000000d0                __vector_6
                0x000000d0                __vector_3
                0x000000d0                __vector_23
                0x000000d0                __vector_25
                0x000000d0                __vector_11
                0x000000d0                __vector_13
                0x000000d0                __vector_17
                0x000000d0                __vector_19
                0x000000d0                __vector_7
                0x000000d0                __vector_27
                0x000000d0                __vector_5
                0x000000d0                __vector_4
                0x000000d0                __vector_9
                0x000000d0                __vector_2
                0x000000d0                __vector_21
                0x000000d0                __vector_15
                0x000000d0                __vector_29
                0x000000d0                __vector_8
                0x000000d0                __vector_26
                0x000000d0                __vector_14
                0x000000d0                __vector_10
                0x000000d0                __vector_16
                0x000000d0                __vector_18
                0x000000d4                . = ALIGN (0x2)
 *(.text.*)
 .text.Init_Board
                0x000000d4       0x1a inc/board.o
                0x000000d4                Init_Board
 .text.simple_flag_null0
                0x000000ee       0x32 inc/timer.o
                0x000000ee                simple_flag_null0
 .text.simple_flag_null1
                0x00000120       0x32 inc/timer.o
                0x00000120                simple_flag_null1
 .text.uart1_init
                0x00000152       0x7e inc/uart1.o
                0x00000152                uart1_init
 .text.uart1_interrupt_rx
                0x000001d0       0x1e inc/uart1.o
                0x000001d0                uart1_interrupt_rx
 .text.uart1_interrupt_tx
                0x000001ee       0x1e inc/uart1.o
                0x000001ee                uart1_interrupt_tx
 .text.uart1_receive_char
                0x0000020c       0x22 inc/uart1.o
                0x0000020c                uart1_receive_char
 .text.__vector_28
                0x0000022e       0x66 inc/uart1.o
                0x0000022e                __vector_28
 .text.__vector_30
                0x00000294       0x5e inc/uart1.o
                0x00000294                __vector_30
 .text.check_uart1
                0x000002f2       0xac inc/uart1.o
                0x000002f2                check_uart1
 .text.uart1_set_baud
                0x0000039e       0x78 inc/uart1.o
                0x0000039e                uart1_set_baud
 .text.TB_buf_fill_In
                0x00000416       0x30 inc/trinamic.o
                0x00000416                TB_buf_fill_In
 .text.TB_buf_fill_Out
                0x00000446       0x30 inc/trinamic.o
                0x00000446                TB_buf_fill_Out
 .text.TB_Send_Com
                0x00000476       0x20 inc/trinamic.o
                0x00000476                TB_Send_Com
 .text.TB_calcSum
                0x00000496       0x1e inc/trinamic.o
                0x00000496                TB_calcSum
 .text.TB_SendAck
                0x000004b4       0x40 inc/trinamic.o
                0x000004b4                TB_SendAck
 .text.TB_Process0
                0x000004f4      0x43a inc/trinamic.o
                0x000004f4                TB_Process0
 .text.TB_Init0
                0x0000092e       0x56 inc/trinamic.o
                0x0000092e                TB_Init0
 .text.TB_Init1
                0x00000984       0x56 inc/trinamic.o
                0x00000984                TB_Init1
 .text.uart0_init
                0x000009da       0x7e inc/uart0.o
                0x000009da                uart0_init
 .text.uart0_interrupt_rx
                0x00000a58       0x1e inc/uart0.o
                0x00000a58                uart0_interrupt_rx
 .text.uart0_interrupt_tx
                0x00000a76       0x1e inc/uart0.o
                0x00000a76                uart0_interrupt_tx
 .text.uart0_receive_char
                0x00000a94       0x22 inc/uart0.o
                0x00000a94                uart0_receive_char
 .text.__vector_20
                0x00000ab6       0x66 inc/uart0.o
                0x00000ab6                __vector_20
 .text.__vector_22
                0x00000b1c       0x5e inc/uart0.o
                0x00000b1c                __vector_22
 .text.check_uart0
                0x00000b7a       0xac inc/uart0.o
                0x00000b7a                check_uart0
 .text.uart0_set_baud
                0x00000c26       0x78 inc/uart0.o
                0x00000c26                uart0_set_baud
 .text.try_receive_data_uart0
                0x00000c9e       0xd2 main.o
                0x00000c9e                try_receive_data_uart0
 .text.try_receive_data_uart1
                0x00000d70       0x2c main.o
                0x00000d70                try_receive_data_uart1
 .text.main     0x00000d9c       0x88 main.o
                0x00000d9c                main
 .text.libgcc.div
                0x00000e24       0x44 c:/program files (x86)/atmel/studio/7.0/toolchain/avr8/avr8-gnu-toolchain/bin/../lib/gcc/avr/4.9.2/avr5\libgcc.a(_udivmodsi4.o)
                0x00000e24                __udivmodsi4
 .text.libgcc   0x00000e68        0xc c:/program files (x86)/atmel/studio/7.0/toolchain/avr8/avr8-gnu-toolchain/bin/../lib/gcc/avr/4.9.2/avr5\libgcc.a(_tablejump2.o)
                0x00000e68                __tablejump2__
 .text.avr-libc
                0x00000e74       0x20 C:/Program Files (x86)/Atmel/Studio/7.0/Packs/atmel/ATmega_DFP/1.1.130/gcc/dev/atmega644pa/avr5\libatmega644pa.a(eerd_block.o)
                0x00000e74                eeprom_read_block
                0x00000e78                eeprom_read_blraw
 .text.avr-libc
                0x00000e94       0x24 C:/Program Files (x86)/Atmel/Studio/7.0/Packs/atmel/ATmega_DFP/1.1.130/gcc/dev/atmega644pa/avr5\libatmega644pa.a(eeupd_byte.o)
                0x00000e94                eeprom_update_byte
                0x00000e96                eeprom_update_r18
 .text.avr-libc
                0x00000eb8       0x14 C:/Program Files (x86)/Atmel/Studio/7.0/Packs/atmel/ATmega_DFP/1.1.130/gcc/dev/atmega644pa/avr5\libatmega644pa.a(eewr_block.o)
                0x00000eb8                eeprom_write_block
 .text.avr-libc
                0x00000ecc       0x1c C:/Program Files (x86)/Atmel/Studio/7.0/Packs/atmel/ATmega_DFP/1.1.130/gcc/dev/atmega644pa/avr5\libatmega644pa.a(eewr_byte.o)
                0x00000ecc                eeprom_write_byte
                0x00000ece                eeprom_write_r18
                0x00000ee8                . = ALIGN (0x2)
 *(.fini9)
 .fini9         0x00000ee8        0x0 c:/program files (x86)/atmel/studio/7.0/toolchain/avr8/avr8-gnu-toolchain/bin/../lib/gcc/avr/4.9.2/avr5\libgcc.a(_exit.o)
                0x00000ee8                _exit
                0x00000ee8                exit
 *(.fini9)
 *(.fini8)
 *(.fini8)
 *(.fini7)
 *(.fini7)
 *(.fini6)
 *(.fini6)
 *(.fini5)
 *(.fini5)
 *(.fini4)
 *(.fini4)
 *(.fini3)
 *(.fini3)
 *(.fini2)
 *(.fini2)
 *(.fini1)
 *(.fini1)
 *(.fini0)
 .fini0         0x00000ee8        0x4 c:/program files (x86)/atmel/studio/7.0/toolchain/avr8/avr8-gnu-toolchain/bin/../lib/gcc/avr/4.9.2/avr5\libgcc.a(_exit.o)
 *(.fini0)
                0x00000eec                _etext = .

.data           0x00800100        0x0 load address 0x00000eec
                [!provide]                PROVIDE (__data_start, .)
 *(.data)
 *(.data*)
 *(.rodata)
 *(.rodata*)
 *(.gnu.linkonce.d*)
                0x00800100                . = ALIGN (0x2)
                0x00800100                _edata = .
                [!provide]                PROVIDE (__data_end, .)

.bss            0x00800100       0x8c
                0x00800100                PROVIDE (__bss_start, .)
 *(.bss)
 *(.bss*)
 .bss.citacka1  0x00800100        0x2 inc/timer.o
                0x00800100                citacka1
 .bss.citacka0  0x00800102        0x2 inc/timer.o
                0x00800102                citacka0
 .bss.uart1_rx_ptr
                0x00800104        0x1 inc/uart1.o
                0x00800104                uart1_rx_ptr
 .bss.uart1_rx_iptr
                0x00800105        0x1 inc/uart1.o
                0x00800105                uart1_rx_iptr
 .bss.uart1_rx_flag
                0x00800106        0x1 inc/uart1.o
                0x00800106                uart1_rx_flag
 .bss.uart1_tx_iptr
                0x00800107        0x1 inc/uart1.o
                0x00800107                uart1_tx_iptr
 .bss.uart1_tx_flag
                0x00800108        0x1 inc/uart1.o
                0x00800108                uart1_tx_flag
 .bss.uart1_check_sum
                0x00800109        0x1 inc/uart1.o
                0x00800109                uart1_check_sum
 .bss.uart1_ret
                0x0080010a        0x1 inc/uart1.o
                0x0080010a                uart1_ret
 .bss.uart1_i   0x0080010b        0x1 inc/uart1.o
                0x0080010b                uart1_i
 .bss.uart1_sum
                0x0080010c        0x1 inc/uart1.o
                0x0080010c                uart1_sum
 .bss.TB_Value  0x0080010d        0x4 inc/trinamic.o
                0x0080010d                TB_Value
 .bss.TB_addr_Module
                0x00800111        0x1 inc/trinamic.o
                0x00800111                TB_addr_Module
 .bss.TB_addr_Reply
                0x00800112        0x1 inc/trinamic.o
                0x00800112                TB_addr_Reply
 .bss.uart0_rx_iptr
                0x00800113        0x1 inc/uart0.o
                0x00800113                uart0_rx_iptr
 .bss.uart0_rx_ptr
                0x00800114        0x1 inc/uart0.o
                0x00800114                uart0_rx_ptr
 .bss.uart0_rx_flag
                0x00800115        0x1 inc/uart0.o
                0x00800115                uart0_rx_flag
 .bss.uart0_tx_iptr
                0x00800116        0x1 inc/uart0.o
                0x00800116                uart0_tx_iptr
 .bss.uart0_tx_flag
                0x00800117        0x1 inc/uart0.o
                0x00800117                uart0_tx_flag
 .bss.uart0_check_sum
                0x00800118        0x1 inc/uart0.o
                0x00800118                uart0_check_sum
 .bss.uart0_ret
                0x00800119        0x1 inc/uart0.o
                0x00800119                uart0_ret
 .bss.uart0_i   0x0080011a        0x1 inc/uart0.o
                0x0080011a                uart0_i
 .bss.uart0_sum
                0x0080011b        0x1 inc/uart0.o
                0x0080011b                uart0_sum
 .bss.UB        0x0080011c        0x4 main.o
                0x0080011c                UB
 .bss.uart1_error
                0x00800120        0x1 main.o
                0x00800120                uart1_error
 .bss.uart0_error
                0x00800121        0x1 main.o
                0x00800121                uart0_error
 *(COMMON)
 COMMON         0x00800122        0xa inc/board.o
                0x00800122                TB_gbparam1
                0x00800127                TB_gbparam0
 COMMON         0x0080012c       0x30 inc/uart1.o
                0x0080012c                uart1_buf_tx
                0x0080013e                TB_Buf_In
                0x00800147                tmpUart1
                0x0080014a                uart1_buf_rx
 COMMON         0x0080015c       0x1b inc/trinamic.o
                0x0080015c                uart0_buf_rx
                0x0080016e                TB_Buf_Out
 COMMON         0x00800177       0x15 inc/uart0.o
                0x00800177                uart0_buf_tx
                0x00800189                tmpUart0
                0x0080018c                PROVIDE (__bss_end, .)
                0x00000eec                __data_load_start = LOADADDR (.data)
                0x00000eec                __data_load_end = (__data_load_start + SIZEOF (.data))

.noinit         0x0080018c        0x0
                [!provide]                PROVIDE (__noinit_start, .)
 *(.noinit*)
                [!provide]                PROVIDE (__noinit_end, .)
                0x0080018c                _end = .
                [!provide]                PROVIDE (__heap_start, .)

.eeprom         0x00810000        0x0
 *(.eeprom*)
                0x00810000                __eeprom_end = .

.fuse
 *(.fuse)
 *(.lfuse)
 *(.hfuse)
 *(.efuse)

.lock
 *(.lock*)

.signature
 *(.signature*)

.user_signatures
 *(.user_signatures*)

.stab
 *(.stab)

.stabstr
 *(.stabstr)

.stab.excl
 *(.stab.excl)

.stab.exclstr
 *(.stab.exclstr)

.stab.index
 *(.stab.index)

.stab.indexstr
 *(.stab.indexstr)

.comment        0x00000000       0x30
 *(.comment)
 .comment       0x00000000       0x30 inc/board.o
                                 0x31 (size before relaxing)
 .comment       0x00000030       0x31 inc/timer.o
 .comment       0x00000030       0x31 inc/uart1.o
 .comment       0x00000030       0x31 inc/trinamic.o
 .comment       0x00000030       0x31 inc/uart0.o
 .comment       0x00000030       0x31 main.o

.note.gnu.avr.deviceinfo
                0x00000000       0x40
 .note.gnu.avr.deviceinfo
                0x00000000       0x40 C:/Program Files (x86)/Atmel/Studio/7.0/Packs/atmel/ATmega_DFP/1.1.130/gcc/dev/atmega644pa/avr5/crtatmega644pa.o

.note.gnu.build-id
 *(.note.gnu.build-id)

.debug
 *(.debug)

.line
 *(.line)

.debug_srcinfo
 *(.debug_srcinfo)

.debug_sfnames
 *(.debug_sfnames)

.debug_aranges  0x00000000      0x228
 *(.debug_aranges)
 .debug_aranges
                0x00000000       0x20 inc/board.o
 .debug_aranges
                0x00000020       0x28 inc/timer.o
 .debug_aranges
                0x00000048       0x68 inc/uart1.o
 .debug_aranges
                0x000000b0       0x60 inc/trinamic.o
 .debug_aranges
                0x00000110       0x68 inc/uart0.o
 .debug_aranges
                0x00000178       0x30 main.o
 .debug_aranges
                0x000001a8       0x20 C:/Program Files (x86)/Atmel/Studio/7.0/Packs/atmel/ATmega_DFP/1.1.130/gcc/dev/atmega644pa/avr5\libatmega644pa.a(eerd_block.o)
 .debug_aranges
                0x000001c8       0x20 C:/Program Files (x86)/Atmel/Studio/7.0/Packs/atmel/ATmega_DFP/1.1.130/gcc/dev/atmega644pa/avr5\libatmega644pa.a(eeupd_byte.o)
 .debug_aranges
                0x000001e8       0x20 C:/Program Files (x86)/Atmel/Studio/7.0/Packs/atmel/ATmega_DFP/1.1.130/gcc/dev/atmega644pa/avr5\libatmega644pa.a(eewr_block.o)
 .debug_aranges
                0x00000208       0x20 C:/Program Files (x86)/Atmel/Studio/7.0/Packs/atmel/ATmega_DFP/1.1.130/gcc/dev/atmega644pa/avr5\libatmega644pa.a(eewr_byte.o)

.debug_pubnames
 *(.debug_pubnames)

.debug_info     0x00000000     0x2556
 *(.debug_info .gnu.linkonce.wi.*)
 .debug_info    0x00000000      0x6cc C:/Program Files (x86)/Atmel/Studio/7.0/Packs/atmel/ATmega_DFP/1.1.130/gcc/dev/atmega644pa/avr5/crtatmega644pa.o
 .debug_info    0x000006cc      0x108 inc/board.o
 .debug_info    0x000007d4      0x11c inc/timer.o
 .debug_info    0x000008f0      0x4ec inc/uart1.o
 .debug_info    0x00000ddc      0x8fa inc/trinamic.o
 .debug_info    0x000016d6      0x510 inc/uart0.o
 .debug_info    0x00001be6      0x6b9 main.o
 .debug_info    0x0000229f       0xae C:/Program Files (x86)/Atmel/Studio/7.0/Packs/atmel/ATmega_DFP/1.1.130/gcc/dev/atmega644pa/avr5\libatmega644pa.a(eerd_block.o)
 .debug_info    0x0000234d       0xae C:/Program Files (x86)/Atmel/Studio/7.0/Packs/atmel/ATmega_DFP/1.1.130/gcc/dev/atmega644pa/avr5\libatmega644pa.a(eeupd_byte.o)
 .debug_info    0x000023fb       0xae C:/Program Files (x86)/Atmel/Studio/7.0/Packs/atmel/ATmega_DFP/1.1.130/gcc/dev/atmega644pa/avr5\libatmega644pa.a(eewr_block.o)
 .debug_info    0x000024a9       0xad C:/Program Files (x86)/Atmel/Studio/7.0/Packs/atmel/ATmega_DFP/1.1.130/gcc/dev/atmega644pa/avr5\libatmega644pa.a(eewr_byte.o)

.debug_abbrev   0x00000000      0xe77
 *(.debug_abbrev)
 .debug_abbrev  0x00000000      0x66e C:/Program Files (x86)/Atmel/Studio/7.0/Packs/atmel/ATmega_DFP/1.1.130/gcc/dev/atmega644pa/avr5/crtatmega644pa.o
 .debug_abbrev  0x0000066e       0x80 inc/board.o
 .debug_abbrev  0x000006ee       0x69 inc/timer.o
 .debug_abbrev  0x00000757      0x1b4 inc/uart1.o
 .debug_abbrev  0x0000090b      0x1e0 inc/trinamic.o
 .debug_abbrev  0x00000aeb      0x1b4 inc/uart0.o
 .debug_abbrev  0x00000c9f      0x188 main.o
 .debug_abbrev  0x00000e27       0x14 C:/Program Files (x86)/Atmel/Studio/7.0/Packs/atmel/ATmega_DFP/1.1.130/gcc/dev/atmega644pa/avr5\libatmega644pa.a(eerd_block.o)
 .debug_abbrev  0x00000e3b       0x14 C:/Program Files (x86)/Atmel/Studio/7.0/Packs/atmel/ATmega_DFP/1.1.130/gcc/dev/atmega644pa/avr5\libatmega644pa.a(eeupd_byte.o)
 .debug_abbrev  0x00000e4f       0x14 C:/Program Files (x86)/Atmel/Studio/7.0/Packs/atmel/ATmega_DFP/1.1.130/gcc/dev/atmega644pa/avr5\libatmega644pa.a(eewr_block.o)
 .debug_abbrev  0x00000e63       0x14 C:/Program Files (x86)/Atmel/Studio/7.0/Packs/atmel/ATmega_DFP/1.1.130/gcc/dev/atmega644pa/avr5\libatmega644pa.a(eewr_byte.o)

.debug_line     0x00000000     0x1514
 *(.debug_line .debug_line.* .debug_line_end)
 .debug_line    0x00000000      0x151 C:/Program Files (x86)/Atmel/Studio/7.0/Packs/atmel/ATmega_DFP/1.1.130/gcc/dev/atmega644pa/avr5/crtatmega644pa.o
 .debug_line    0x00000151       0xf4 inc/board.o
 .debug_line    0x00000245       0xea inc/timer.o
 .debug_line    0x0000032f      0x35d inc/uart1.o
 .debug_line    0x0000068c      0x66b inc/trinamic.o
 .debug_line    0x00000cf7      0x35d inc/uart0.o
 .debug_line    0x00001054      0x241 main.o
 .debug_line    0x00001295       0xab C:/Program Files (x86)/Atmel/Studio/7.0/Packs/atmel/ATmega_DFP/1.1.130/gcc/dev/atmega644pa/avr5\libatmega644pa.a(eerd_block.o)
 .debug_line    0x00001340       0xb6 C:/Program Files (x86)/Atmel/Studio/7.0/Packs/atmel/ATmega_DFP/1.1.130/gcc/dev/atmega644pa/avr5\libatmega644pa.a(eeupd_byte.o)
 .debug_line    0x000013f6       0x80 C:/Program Files (x86)/Atmel/Studio/7.0/Packs/atmel/ATmega_DFP/1.1.130/gcc/dev/atmega644pa/avr5\libatmega644pa.a(eewr_block.o)
 .debug_line    0x00001476       0x9e C:/Program Files (x86)/Atmel/Studio/7.0/Packs/atmel/ATmega_DFP/1.1.130/gcc/dev/atmega644pa/avr5\libatmega644pa.a(eewr_byte.o)

.debug_frame    0x00000000      0x3bc
 *(.debug_frame)
 .debug_frame   0x00000000       0x24 inc/board.o
 .debug_frame   0x00000024       0x34 inc/timer.o
 .debug_frame   0x00000058      0x12c inc/uart1.o
 .debug_frame   0x00000184       0xc8 inc/trinamic.o
 .debug_frame   0x0000024c      0x12c inc/uart0.o
 .debug_frame   0x00000378       0x44 main.o

.debug_str      0x00000000      0x8b4
 *(.debug_str)
 .debug_str     0x00000000      0x252 C:/Program Files (x86)/Atmel/Studio/7.0/Packs/atmel/ATmega_DFP/1.1.130/gcc/dev/atmega644pa/avr5/crtatmega644pa.o
 .debug_str     0x00000252      0x19f inc/board.o
                                0x1e5 (size before relaxing)
 .debug_str     0x000003f1       0x84 inc/timer.o
                                0x1ed (size before relaxing)
 .debug_str     0x00000475      0x19d inc/uart1.o
                                0x3a3 (size before relaxing)
 .debug_str     0x00000612      0x14b inc/trinamic.o
                                0x394 (size before relaxing)
 .debug_str     0x0000075d      0x100 inc/uart0.o
                                0x3b5 (size before relaxing)
 .debug_str     0x0000085d       0x57 main.o
                                0x430 (size before relaxing)

.debug_loc      0x00000000      0xa9b
 *(.debug_loc)
 .debug_loc     0x00000000      0x38f inc/uart1.o
 .debug_loc     0x0000038f      0x334 inc/trinamic.o
 .debug_loc     0x000006c3      0x38f inc/uart0.o
 .debug_loc     0x00000a52       0x49 main.o

.debug_macinfo
 *(.debug_macinfo)

.debug_weaknames
 *(.debug_weaknames)

.debug_funcnames
 *(.debug_funcnames)

.debug_typenames
 *(.debug_typenames)

.debug_varnames
 *(.debug_varnames)

.debug_pubtypes
 *(.debug_pubtypes)

.debug_ranges   0x00000000      0x148
 *(.debug_ranges)
 .debug_ranges  0x00000000       0x10 inc/board.o
 .debug_ranges  0x00000010       0x18 inc/timer.o
 .debug_ranges  0x00000028       0x58 inc/uart1.o
 .debug_ranges  0x00000080       0x50 inc/trinamic.o
 .debug_ranges  0x000000d0       0x58 inc/uart0.o
 .debug_ranges  0x00000128       0x20 main.o

.debug_macro
 *(.debug_macro)
OUTPUT(Firmware.elf elf32-avr)
LOAD linker stubs
